// Jest Snapshot v1, https://goo.gl/fbAQLP

exports[`PageCitationView renders  component with a mock espace record 1`] = `
<span
  className="citationPage"
>
  39
</span>
`;

exports[`PageCitationView renders  nothing if search key not found 1`] = `null`;
