// Jest Snapshot v1, https://goo.gl/fbAQLP

exports[`Publication search form snapshots tests renders default publication search form page 1`] = `
<form>
  <Card
    className="layout-card"
    expandable={false}
    expanded={null}
    initiallyExpanded={false}
  >
    <CardHeader
      avatar={null}
      className="card-header"
    >
      <div
        className="columns is-gapless is-mobile"
      >
        <div
          className="column"
        >
          <h2
            className="title is-4"
          >
            Component Title
          </h2>
        </div>
        <div
          className="column is-narrow is-helpicon"
        />
      </div>
    </CardHeader>
    <CardText
      className="body-1"
    >
      <div>
        Component Search Text
      </div>
      <Field
        autoComplete="off"
        autoFocus={true}
        component={[Function]}
        floatingLabelText="Enter DOI, Pubmed Id or Title"
        fullWidth={true}
        name="doiSearch"
        onKeyPress={[Function]}
      />
      <div
        style={
          Object {
            "marginTop": "20px",
            "textAlign": "right",
          }
        }
      >
        <RaisedButton
          disabled={false}
          fullWidth={false}
          label="Search"
          labelPosition="after"
          onTouchTap={[Function]}
          primary={false}
          secondary={true}
          type="submit"
        />
      </div>
    </CardText>
  </Card>
</form>
`;
