// Jest Snapshot v1, https://goo.gl/fbAQLP

exports[`AuthorIdField  should clear input field 1`] = `
<DocumentFragment>
  <div
    class="AutoCompleteAsyncField-root-1"
  >
    <label
      hidden=""
      id="autosuggest-label"
    />
    <div
      aria-expanded="false"
      aria-haspopup="listbox"
      aria-labelledby="autosuggest-label"
      class="AutoCompleteAsyncField-container-2"
      role="combobox"
    >
      <div
        class="MuiGrid-container-7 MuiGrid-spacing-xs-16-30 MuiGrid-align-items-xs-flex-end-17 MuiGrid-align-content-xs-flex-end-21"
      >
        <div
          class="MuiGrid-item-8 MuiGrid-grid-xs-true-35"
        >
          <div
            class="MuiFormControl-root-104 MuiFormControl-fullWidth-107"
          >
            <label
              class="MuiFormLabel-root-119 MuiFormLabel-filled-123 MuiInputLabel-root-108 MuiInputLabel-formControl-113 MuiInputLabel-animated-116 MuiInputLabel-shrink-115"
              data-shrink="true"
              for="autosuggest-input"
              id="autosuggest-input-label"
            >
              autosuggest
            </label>
            <div
              aria-autocomplete="list"
              aria-labelledby="autosuggest-label"
              class="MuiInputBase-root-139 MuiInput-root-126 AutoCompleteAsyncField-noWrap-5 MuiInput-underline-130 MuiInputBase-fullWidth-148 MuiInput-fullWidth-133 MuiInputBase-formControl-140 MuiInput-formControl-127 MuiInputBase-adornedEnd-144"
            >
              <input
                aria-invalid="false"
                aria-label="autosuggest"
                aria-labelledby="autosuggest-input-label"
                autocomplete="off"
                class="MuiInputBase-input-149 MuiInput-input-134 MuiInputBase-inputAdornedEnd-155"
                id="autosuggest-input"
                label="autosuggest"
                type="text"
                value="test"
              />
              <div
                class="MuiInputAdornment-root-156 MuiInputAdornment-positionEnd-159"
              >
                <button
                  aria-label="Clear"
                  class="MuiButtonBase-root-167 MuiIconButton-root-161"
                  id="clear-input"
                  tabindex="0"
                  type="button"
                >
                  <span
                    class="MuiIconButton-label-166"
                  >
                    <svg
                      aria-hidden="true"
                      class="MuiSvgIcon-root-170"
                      focusable="false"
                      role="presentation"
                      viewBox="0 0 24 24"
                    >
                      <path
                        d="M19 6.41L17.59 5 12 10.59 6.41 5 5 6.41 10.59 12 5 17.59 6.41 19 12 13.41 17.59 19 19 17.59 13.41 12z"
                      />
                      <path
                        d="M0 0h24v24H0z"
                        fill="none"
                      />
                    </svg>
                  </span>
                  <span
                    class="MuiTouchRipple-root-179"
                  />
                </button>
              </div>
            </div>
          </div>
        </div>
      </div>
    </div>
  </div>
</DocumentFragment>
`;

exports[`AuthorIdField  should clear input field 2`] = `
"Snapshot Diff:
- First value
+ Second value

@@ -21,12 +21,12 @@
          >
            <div
              class=\\"MuiFormControl-root-104 MuiFormControl-fullWidth-107\\"
            >
              <label
-               class=\\"MuiFormLabel-root-119 MuiFormLabel-filled-123 MuiInputLabel-root-108 MuiInputLabel-formControl-113 MuiInputLabel-animated-116 MuiInputLabel-shrink-115\\"
-               data-shrink=\\"true\\"
+               class=\\"MuiFormLabel-root-119 MuiInputLabel-root-108 MuiInputLabel-formControl-113 MuiInputLabel-animated-116\\"
+               data-shrink=\\"false\\"
                for=\\"autosuggest-input\\"
                id=\\"autosuggest-input-label\\"
              >
                autosuggest
              </label>
@@ -42,11 +42,11 @@
                  autocomplete=\\"off\\"
                  class=\\"MuiInputBase-input-149 MuiInput-input-134 MuiInputBase-inputAdornedEnd-155\\"
                  id=\\"autosuggest-input\\"
                  label=\\"autosuggest\\"
                  type=\\"text\\"
-                 value=\\"test\\"
+                 value=\\"\\"
                />
                <div
                  class=\\"MuiInputAdornment-root-156 MuiInputAdornment-positionEnd-159\\"
                >
                  <button"
`;
