// Jest Snapshot v1, https://goo.gl/fbAQLP

exports[`MyIncompleteRecordForm should mount the component with redux-form 1`] = `
<Hoc
  author={
    Object {
      "aut_id": 411,
    }
  }
  destroyOnUnmount={true}
  enableReinitialize={true}
  forceUnregisterOnUnmount={false}
  form="MyIncompleteRecord"
  forwardedRef={null}
  getFormState={[Function]}
  hasAnyFiles={true}
  history={
    Object {
      "go": [MockFunction],
      "push": [MockFunction],
    }
  }
  isAuthorLinked={true}
  isNtro={true}
  keepDirtyOnReinitialize={false}
  ntroFieldProps={
    Object {
      "hideAbstract": true,
      "hideAudienceSize": false,
      "hideExtent": true,
      "hideLanguage": true,
      "hidePeerReviewActivity": true,
      "showContributionStatement": false,
      "showSignificance": true,
    }
  }
  onSubmit={[Function]}
  persistentSubmitErrors={false}
  pure={true}
  recordToFix={
    Object {
      "fez_author_affiliation": Array [],
      "fez_datastream_info": Array [
        Object {
          "dsi_checksum": "e394c516ff71b87e1e02626c8ad8d337-5",
          "dsi_copyright": null,
          "dsi_dsid": "ERAUQ352045_il_Sogno.mp3",
          "dsi_embargo_date": null,
          "dsi_id": 3502303,
          "dsi_label": "Full-text - not publicly available",
          "dsi_mimetype": "audio/mpeg",
          "dsi_open_access": null,
          "dsi_pid": "UQ:352045",
          "dsi_security_inherited": 0,
          "dsi_security_policy": 3,
          "dsi_size": 21457982,
          "dsi_state": "A",
        },
        Object {
          "dsi_checksum": "5c50e0e96e0f872639054ff273ab12ea-2",
          "dsi_copyright": null,
          "dsi_dsid": "ERAUQ352045_NewLaceSleeves.mp3",
          "dsi_embargo_date": null,
          "dsi_id": 3502289,
          "dsi_label": "Full-text - not publicly available",
          "dsi_mimetype": "audio/mpeg",
          "dsi_open_access": null,
          "dsi_pid": "UQ:352045",
          "dsi_security_inherited": 0,
          "dsi_security_policy": 3,
          "dsi_size": 8555060,
          "dsi_state": "A",
        },
        Object {
          "dsi_checksum": "ab8e52e2c57aafcbb7c1062d033f8d99-2",
          "dsi_copyright": null,
          "dsi_dsid": "ERAUQ352045_ThreeMenAndABlonde.mp3",
          "dsi_embargo_date": null,
          "dsi_id": 3502292,
          "dsi_label": "Full-text - not publicly available",
          "dsi_mimetype": "audio/mpeg",
          "dsi_open_access": null,
          "dsi_pid": "UQ:352045",
          "dsi_security_inherited": 0,
          "dsi_security_policy": 3,
          "dsi_size": 9433819,
          "dsi_state": "A",
        },
        Object {
          "dsi_checksum": "9c838d13f3b6fdb4bbe7f02ee06d7c84-5",
          "dsi_copyright": null,
          "dsi_dsid": "ERAUQ352045_VagueMemories.mp3",
          "dsi_embargo_date": null,
          "dsi_id": 3502298,
          "dsi_label": "Full-text - not publicly available",
          "dsi_mimetype": "audio/mpeg",
          "dsi_open_access": null,
          "dsi_pid": "UQ:352045",
          "dsi_security_inherited": 0,
          "dsi_security_policy": 3,
          "dsi_size": 21279891,
          "dsi_state": "A",
        },
        Object {
          "dsi_checksum": "c761457ddd2f5d20a73f09fffc480e1e",
          "dsi_copyright": null,
          "dsi_dsid": "HCA15UQ352045_press.pdf",
          "dsi_embargo_date": null,
          "dsi_id": 2829767,
          "dsi_label": null,
          "dsi_mimetype": "application/pdf",
          "dsi_open_access": null,
          "dsi_pid": "UQ:352045",
          "dsi_security_inherited": 0,
          "dsi_security_policy": 3,
          "dsi_size": 90504,
          "dsi_state": "A",
        },
        Object {
          "dsi_checksum": "463e62b4f930140c71a6f6f2638c248d",
          "dsi_copyright": null,
          "dsi_dsid": "presmd_HCA15UQ352045_press.xml",
          "dsi_embargo_date": null,
          "dsi_id": 2753915,
          "dsi_label": "",
          "dsi_mimetype": "application/xml",
          "dsi_open_access": null,
          "dsi_pid": "UQ:352045",
          "dsi_security_inherited": 0,
          "dsi_security_policy": 1,
          "dsi_size": 1268,
          "dsi_state": "A",
        },
        Object {
          "dsi_checksum": "d5e49c04b3a6cbaf652e4c4517b8bc08-4",
          "dsi_copyright": null,
          "dsi_dsid": "stream_ERAUQ352045_il_Sogno.flv",
          "dsi_embargo_date": null,
          "dsi_id": 3502304,
          "dsi_label": "stream_ERAUQ352045_il_Sogno.flv",
          "dsi_mimetype": "video/x-flv",
          "dsi_open_access": null,
          "dsi_pid": "UQ:352045",
          "dsi_security_inherited": 0,
          "dsi_security_policy": 1,
          "dsi_size": 17822670,
          "dsi_state": "A",
        },
        Object {
          "dsi_checksum": "b608526a5e43e8a00017494a798dee4f-2",
          "dsi_copyright": null,
          "dsi_dsid": "stream_ERAUQ352045_NewLaceSleeves.flv",
          "dsi_embargo_date": null,
          "dsi_id": 3502290,
          "dsi_label": "stream_ERAUQ352045_NewLaceSleeves.flv",
          "dsi_mimetype": "video/x-flv",
          "dsi_open_access": null,
          "dsi_pid": "UQ:352045",
          "dsi_security_inherited": 0,
          "dsi_security_policy": 1,
          "dsi_size": 7105180,
          "dsi_state": "A",
        },
        Object {
          "dsi_checksum": "24051b437a3a5f3fc54d66d7ee133f65-2",
          "dsi_copyright": null,
          "dsi_dsid": "stream_ERAUQ352045_ThreeMenAndABlonde.flv",
          "dsi_embargo_date": null,
          "dsi_id": 3502293,
          "dsi_label": "stream_ERAUQ352045_ThreeMenAndABlonde.flv",
          "dsi_mimetype": "video/x-flv",
          "dsi_open_access": null,
          "dsi_pid": "UQ:352045",
          "dsi_security_inherited": 0,
          "dsi_security_policy": 1,
          "dsi_size": 7835100,
          "dsi_state": "A",
        },
        Object {
          "dsi_checksum": "50c8758a8fda26d89f93c729798ee097-3",
          "dsi_copyright": null,
          "dsi_dsid": "stream_ERAUQ352045_VagueMemories.flv",
          "dsi_embargo_date": null,
          "dsi_id": 3502302,
          "dsi_label": "stream_ERAUQ352045_VagueMemories.flv",
          "dsi_mimetype": "video/x-flv",
          "dsi_open_access": null,
          "dsi_pid": "UQ:352045",
          "dsi_security_inherited": 0,
          "dsi_security_policy": 1,
          "dsi_size": 14727673,
          "dsi_state": "A",
        },
        Object {
          "dsi_checksum": "18eed0847faedb545a6be91326887a3b",
          "dsi_copyright": null,
          "dsi_dsid": "thumbnail_HCA15UQ352045_press_t.jpg",
          "dsi_embargo_date": null,
          "dsi_id": 3587734,
          "dsi_label": null,
          "dsi_mimetype": "image/jpeg",
          "dsi_open_access": null,
          "dsi_pid": "UQ:352045",
          "dsi_security_inherited": 0,
          "dsi_security_policy": 1,
          "dsi_size": 4235,
          "dsi_state": "A",
        },
      ],
      "fez_internal_notes": Object {
        "ain_detail": "http://www.topologymusic.com/events/brodsky-quartet-topology-il-sogno/
http://brisbanepowerhouse.org/about/media/releases/2013/07/18/brodsky-quartet-and-topology-play-elvis-costello/",
        "ain_id": 112079,
        "ain_pid": "UQ:352045",
      },
      "fez_matched_journals": Array [],
      "fez_record_search_key_advisory_statement": null,
      "fez_record_search_key_article_number": null,
      "fez_record_search_key_assigned_group_id": Array [],
      "fez_record_search_key_assigned_user_id": Array [],
      "fez_record_search_key_audience_size": null,
      "fez_record_search_key_author": Array [
        Object {
          "rek_author": "Topology",
          "rek_author_id": 32023928,
          "rek_author_order": 1,
          "rek_author_pid": "UQ:352045",
        },
        Object {
          "rek_author": "Davidson, Robert",
          "rek_author_id": 32023929,
          "rek_author_order": 2,
          "rek_author_pid": "UQ:352045",
        },
        Object {
          "rek_author": "Babbage, John",
          "rek_author_id": 32023930,
          "rek_author_order": 3,
          "rek_author_pid": "UQ:352045",
        },
        Object {
          "rek_author": "The Brodsky Quartet",
          "rek_author_id": 32023931,
          "rek_author_order": 4,
          "rek_author_pid": "UQ:352045",
        },
      ],
      "fez_record_search_key_author_affiliation_country": Array [],
      "fez_record_search_key_author_affiliation_full_address": Array [],
      "fez_record_search_key_author_affiliation_id": Array [],
      "fez_record_search_key_author_affiliation_name": Array [],
      "fez_record_search_key_author_affiliation_type": Array [],
      "fez_record_search_key_author_crossref_authenticated": Array [],
      "fez_record_search_key_author_crossref_orcid": Array [],
      "fez_record_search_key_author_id": Array [
        Object {
          "author": null,
          "rek_author_id": 0,
          "rek_author_id_id": 32030542,
          "rek_author_id_lookup": null,
          "rek_author_id_order": 1,
          "rek_author_id_pid": "UQ:352045",
        },
        Object {
          "author": Object {
            "aut_id": 79324,
            "aut_orcid_id": "0000-0001-8694-6144",
            "aut_org_username": "uqrdav10",
            "aut_student_username": null,
            "aut_title": "Dr",
          },
          "rek_author_id": 79324,
          "rek_author_id_id": 32030543,
          "rek_author_id_lookup": "Davidson, Robert A.B.",
          "rek_author_id_order": 2,
          "rek_author_id_pid": "UQ:352045",
        },
        Object {
          "author": Object {
            "aut_id": 78691,
            "aut_orcid_id": null,
            "aut_org_username": "uqjbabba",
            "aut_student_username": null,
            "aut_title": "Mr",
          },
          "rek_author_id": 78691,
          "rek_author_id_id": 32030544,
          "rek_author_id_lookup": "John Babbage",
          "rek_author_id_order": 3,
          "rek_author_id_pid": "UQ:352045",
        },
        Object {
          "author": null,
          "rek_author_id": 0,
          "rek_author_id_id": 32030545,
          "rek_author_id_lookup": null,
          "rek_author_id_order": 4,
          "rek_author_id_pid": "UQ:352045",
        },
      ],
      "fez_record_search_key_content_indicator": Array [],
      "fez_record_search_key_contributor": Array [],
      "fez_record_search_key_contributor_id": Array [],
      "fez_record_search_key_corresponding_country": Array [],
      "fez_record_search_key_corresponding_email": Array [],
      "fez_record_search_key_corresponding_name": Array [],
      "fez_record_search_key_corresponding_organisation": Array [],
      "fez_record_search_key_creator_contribution_statement": Array [],
      "fez_record_search_key_datastream_policy": null,
      "fez_record_search_key_date_available": null,
      "fez_record_search_key_doi": null,
      "fez_record_search_key_edition": null,
      "fez_record_search_key_end_date": null,
      "fez_record_search_key_end_page": null,
      "fez_record_search_key_file_attachment_access_condition": Array [],
      "fez_record_search_key_file_attachment_embargo_date": Array [],
      "fez_record_search_key_file_attachment_name": Array [
        Object {
          "rek_file_attachment_name": "ERAUQ352045_il_Sogno.mp3",
          "rek_file_attachment_name_id": 4434701,
          "rek_file_attachment_name_order": 1,
          "rek_file_attachment_name_pid": "UQ:352045",
        },
        Object {
          "rek_file_attachment_name": "ERAUQ352045_NewLaceSleeves.mp3",
          "rek_file_attachment_name_id": 4434702,
          "rek_file_attachment_name_order": 2,
          "rek_file_attachment_name_pid": "UQ:352045",
        },
        Object {
          "rek_file_attachment_name": "ERAUQ352045_ThreeMenAndABlonde.mp3",
          "rek_file_attachment_name_id": 4434703,
          "rek_file_attachment_name_order": 3,
          "rek_file_attachment_name_pid": "UQ:352045",
        },
        Object {
          "rek_file_attachment_name": "ERAUQ352045_VagueMemories.mp3",
          "rek_file_attachment_name_id": 4434704,
          "rek_file_attachment_name_order": 4,
          "rek_file_attachment_name_pid": "UQ:352045",
        },
        Object {
          "rek_file_attachment_name": "HCA15UQ352045_press.pdf",
          "rek_file_attachment_name_id": 4434711,
          "rek_file_attachment_name_order": 11,
          "rek_file_attachment_name_pid": "UQ:352045",
        },
        Object {
          "rek_file_attachment_name": "presmd_HCA15UQ352045_press.xml",
          "rek_file_attachment_name_id": 4434712,
          "rek_file_attachment_name_order": 12,
          "rek_file_attachment_name_pid": "UQ:352045",
        },
        Object {
          "rek_file_attachment_name": "stream_ERAUQ352045_il_Sogno.flv",
          "rek_file_attachment_name_id": 4434713,
          "rek_file_attachment_name_order": 13,
          "rek_file_attachment_name_pid": "UQ:352045",
        },
        Object {
          "rek_file_attachment_name": "stream_ERAUQ352045_NewLaceSleeves.flv",
          "rek_file_attachment_name_id": 4434714,
          "rek_file_attachment_name_order": 14,
          "rek_file_attachment_name_pid": "UQ:352045",
        },
        Object {
          "rek_file_attachment_name": "stream_ERAUQ352045_ThreeMenAndABlonde.flv",
          "rek_file_attachment_name_id": 4434715,
          "rek_file_attachment_name_order": 15,
          "rek_file_attachment_name_pid": "UQ:352045",
        },
        Object {
          "rek_file_attachment_name": "stream_ERAUQ352045_VagueMemories.flv",
          "rek_file_attachment_name_id": 4434716,
          "rek_file_attachment_name_order": 16,
          "rek_file_attachment_name_pid": "UQ:352045",
        },
      ],
      "fez_record_search_key_grant_acronym": Array [],
      "fez_record_search_key_grant_agency": Array [],
      "fez_record_search_key_grant_agency_id": Array [],
      "fez_record_search_key_grant_agency_type": Array [],
      "fez_record_search_key_grant_id": Array [],
      "fez_record_search_key_grant_text": Array [],
      "fez_record_search_key_grant_type": Array [],
      "fez_record_search_key_has_derivations": Array [],
      "fez_record_search_key_has_related_datasets": Array [],
      "fez_record_search_key_herdc_code": Object {
        "rek_herdc_code": 454029,
        "rek_herdc_code_id": 4995795,
        "rek_herdc_code_lookup": "CW2",
        "rek_herdc_code_pid": "UQ:352045",
      },
      "fez_record_search_key_herdc_status": null,
      "fez_record_search_key_institutional_status": null,
      "fez_record_search_key_isbn": Array [],
      "fez_record_search_key_isdatasetof": Array [],
      "fez_record_search_key_isderivationof": Array [],
      "fez_record_search_key_isi_loc": null,
      "fez_record_search_key_ismemberof": Array [
        Object {
          "parent": Object {
            "rek_datastream_policy": 5,
            "rek_pid": "UQ:3813",
            "rek_security_policy": 5,
          },
          "rek_ismemberof": "UQ:3813",
          "rek_ismemberof_id": 12383298,
          "rek_ismemberof_lookup": "School of Music Publications",
          "rek_ismemberof_order": 1,
          "rek_ismemberof_pid": "UQ:352045",
        },
        Object {
          "parent": Object {
            "rek_datastream_policy": 5,
            "rek_pid": "UQ:255125",
            "rek_security_policy": 5,
          },
          "rek_ismemberof": "UQ:255125",
          "rek_ismemberof_id": 12383299,
          "rek_ismemberof_lookup": "Non-Traditional Research Outputs (individual items)",
          "rek_ismemberof_order": 2,
          "rek_ismemberof_pid": "UQ:352045",
        },
        Object {
          "parent": Object {
            "rek_datastream_policy": 5,
            "rek_pid": "UQ:352152",
            "rek_security_policy": 5,
          },
          "rek_ismemberof": "UQ:352152",
          "rek_ismemberof_id": 12383300,
          "rek_ismemberof_lookup": "Davidson, Robert - Beyond Style: Creative Collaboration across Boundaries",
          "rek_ismemberof_order": 3,
          "rek_ismemberof_pid": "UQ:352045",
        },
      ],
      "fez_record_search_key_ismn": Array [],
      "fez_record_search_key_isrc": Array [],
      "fez_record_search_key_issn": Array [],
      "fez_record_search_key_issue_number": null,
      "fez_record_search_key_keywords": Array [
        Object {
          "rek_keywords": "Music performance",
          "rek_keywords_id": 30690401,
          "rek_keywords_order": 1,
          "rek_keywords_pid": "UQ:352045",
        },
        Object {
          "rek_keywords": "Cross-genre music",
          "rek_keywords_id": 30690402,
          "rek_keywords_order": 2,
          "rek_keywords_pid": "UQ:352045",
        },
        Object {
          "rek_keywords": "Collaboration",
          "rek_keywords_id": 30690403,
          "rek_keywords_order": 3,
          "rek_keywords_pid": "UQ:352045",
        },
      ],
      "fez_record_search_key_language": Array [
        Object {
          "rek_language": "eng",
          "rek_language_id": 5577361,
          "rek_language_order": 1,
          "rek_language_pid": "UQ:352045",
        },
      ],
      "fez_record_search_key_license": null,
      "fez_record_search_key_link": Array [],
      "fez_record_search_key_link_description": Array [],
      "fez_record_search_key_notes": null,
      "fez_record_search_key_oa_status": Object {
        "rek_oa_status": 453692,
        "rek_oa_status_id": 953475,
        "rek_oa_status_lookup": "Not yet assessed",
        "rek_oa_status_pid": "UQ:352045",
      },
      "fez_record_search_key_oa_status_type": null,
      "fez_record_search_key_original_format": null,
      "fez_record_search_key_place_of_publication": null,
      "fez_record_search_key_possible_author_id": Array [],
      "fez_record_search_key_publisher": null,
      "fez_record_search_key_quality_indicator": Array [],
      "fez_record_search_key_refereed": null,
      "fez_record_search_key_refereed_source": Object {
        "rek_refereed_source": 453638,
        "rek_refereed_source_id": 1521175,
        "rek_refereed_source_lookup": "Not yet assessed",
        "rek_refereed_source_pid": "UQ:352045",
      },
      "fez_record_search_key_scopus_id": null,
      "fez_record_search_key_security_policy": Array [
        Object {
          "rek_security_policy": 5,
          "rek_security_policy_id": 574195,
          "rek_security_policy_order": 1,
          "rek_security_policy_pid": "UQ:352045",
        },
      ],
      "fez_record_search_key_series": Object {
        "rek_series": "Queensland Music Festival",
        "rek_series_id": 218537,
        "rek_series_pid": "UQ:352045",
      },
      "fez_record_search_key_significance": Array [],
      "fez_record_search_key_start_page": null,
      "fez_record_search_key_subject": Array [
        Object {
          "rek_subject": 410101,
          "rek_subject_id": 9645464,
          "rek_subject_lookup": "410101 Music",
          "rek_subject_order": 1,
          "rek_subject_pid": "UQ:352045",
        },
        Object {
          "rek_subject": 453644,
          "rek_subject_id": 9645465,
          "rek_subject_lookup": "Live Performance of Creative Work - Music",
          "rek_subject_order": 2,
          "rek_subject_pid": "UQ:352045",
        },
      ],
      "fez_record_search_key_total_pages": Object {
        "rek_total_pages": "1 musical performance",
        "rek_total_pages_id": 5822992,
        "rek_total_pages_pid": "UQ:352045",
      },
      "fez_record_search_key_translated_title": null,
      "fez_record_search_key_volume_number": null,
      "fez_record_search_key_wok_doc_types": Array [],
      "rek_altmetric_id": null,
      "rek_altmetric_score": null,
      "rek_citation": "<a class=\\"citation_author_name\\" title=\\"Browse by Author Name for Topology\\" href=\\"/records/search?searchQueryParams%5Brek_author%5D%5Bvalue%5D=Topology&searchQueryParams%5Brek_author%5D%5Blabel%5D=Topology&searchMode=advanced\\">Topology</a>, <a class=\\"author_id_link\\" title=\\"Browse by Author ID for Davidson, Robert\\" href=\\"/records/search?searchQueryParams%5Brek_author_id%5D%5Bvalue%5D=79324&searchQueryParams%5Brek_author_id%5D%5Blabel%5D=Davidson%2C+Robert&searchMode=advanced\\">Davidson, Robert</a>, <a class=\\"author_id_link\\" title=\\"Browse by Author ID for Babbage, John\\" href=\\"/records/search?searchQueryParams%5Brek_author_id%5D%5Bvalue%5D=78691&searchQueryParams%5Brek_author_id%5D%5Blabel%5D=Babbage%2C+John&searchMode=advanced\\">Babbage, John</a> and <a class=\\"citation_author_name\\" title=\\"Browse by Author Name for The Brodsky Quartet\\" href=\\"/records/search?searchQueryParams%5Brek_author%5D%5Bvalue%5D=The+Brodsky+Quartet&searchQueryParams%5Brek_author%5D%5Blabel%5D=The+Brodsky+Quartet&searchMode=advanced\\">The Brodsky Quartet</a> (<span class=\\"citation_date\\">2013</span>). <i><a class=\\"citation_title\\" title=\\"Click to view Creative Work: Il Sogno: Topology and the Brodsky Quartet play Elvis Costello\\" href=\\"/view/UQ:352045\\">Il Sogno: Topology and the Brodsky Quartet play Elvis Costello</a></i>. <span class=\\"citation_place_of_publication\\">New Farm, QLD, Australia</span>: <span class=\\"citation_publisher\\">Powerhouse Museum</span>.",
      "rek_copyright": "on",
      "rek_created_date": "2015-02-20T14:26:25Z",
      "rek_datastream_policy": null,
      "rek_date": "2013-07-18T00:00:00Z",
      "rek_depositor": 8058,
      "rek_depositor_affiliation": 826,
      "rek_description": "Curated and directed by Robert Davidson, this concert is a collaboration by London's Brodsky Quartet and the Australian quintet Topology, focusing on Davidson's rescoring of Elvis Costello's ballet &quot;Il Sogno&quot; and arrangements of Elvis Costello songs, along with new works by Robert Davidson, John Babbage, Andrew Ford and Bernard Hoey. The collaboration was intensive and thoroughgoing, and was used as the basis of a study, published in Davidson, &quot;Collaborating across musical style boundaries&quot; in Barrett (ed), Collaborative Creative Thought and Practice in Music, Ashgate, 2014.",
      "rek_display_type": 313,
      "rek_display_type_lookup": "Creative Work",
      "rek_editing_start_date": null,
      "rek_editing_user": null,
      "rek_editing_user_lookup": null,
      "rek_file_downloads": 0,
      "rek_formatted_abstract": "Curated and directed by Robert Davidson, this concert is a collaboration by London's Brodsky Quartet and the Australian quintet Topology, focusing on Davidson's rescoring of Elvis Costello's ballet &quot;Il Sogno&quot; and arrangements of Elvis Costello songs, along with new works by Robert Davidson, John Babbage, Andrew Ford and Bernard Hoey.<br /><br /> The collaboration was intensive and thoroughgoing, and was used as the basis of a study, published in Davidson, &quot;Collaborating across musical style boundaries&quot; in Barrett (ed), Collaborative Creative Thought and Practice in Music, Ashgate, 2014.<br />",
      "rek_formatted_title": null,
      "rek_genre": "Creative Work",
      "rek_genre_type": null,
      "rek_herdc_notes": null,
      "rek_object_type": 3,
      "rek_object_type_lookup": "Record",
      "rek_pid": "UQ:352045",
      "rek_pubmed_doc_type": null,
      "rek_pubmed_doc_type_lookup": null,
      "rek_scopus_citation_count": null,
      "rek_scopus_doc_type": null,
      "rek_scopus_doc_type_lookup": null,
      "rek_security_inherited": 1,
      "rek_security_policy": 1,
      "rek_status": 2,
      "rek_status_lookup": "Published",
      "rek_subtype": "Live Performance of Creative Work - Music",
      "rek_thomson_citation_count": null,
      "rek_title": "Il Sogno: Topology and the Brodsky Quartet play Elvis Costello",
      "rek_updated_date": "2021-06-09T17:19:49Z",
      "rek_wok_doc_type": null,
      "rek_wok_doc_type_lookup": "Abstract of Published Item",
    }
  }
  shouldAsyncValidate={[Function]}
  shouldError={[Function]}
  shouldValidate={[Function]}
  shouldWarn={[Function]}
  submitAsSideEffect={false}
  touchOnBlur={true}
  touchOnChange={false}
  updateUnregisteredFields={false}
  validate={[Function]}
/>
`;
