// Jest Snapshot v1, https://goo.gl/fbAQLP

exports[`SelectfieldWrapper snapshots tests renders SelectField component 1`] = `
<React.Fragment>
  <WithStyles(FormControl)
    error={false}
    style={
      Object {
        "width": "100%",
      }
    }
  >
    <WithStyles(InputLabel) />
    <WithStyles(Select)
      autoWidth={true}
      error={false}
      floatingLabelText="This is a test selectfield component"
      fullWidth={true}
      name="selectfield"
      onBlur={[Function]}
      onChange={[Function]}
      type="text"
    />
  </WithStyles(FormControl)>
</React.Fragment>
`;
