// Jest Snapshot v1, https://goo.gl/fbAQLP

exports[`Snapshot tests for RighthandCard component renders with title and help button 1`] = `
<WithStyles(ForwardRef(Grid))
  container={true}
>
  <WithStyles(ForwardRef(Grid))
    item={true}
    xs={true}
  >
    <WithStyles(ForwardRef(Typography))
      color="primary"
      variant="h6"
    >
      Title
    </WithStyles(ForwardRef(Typography))>
  </WithStyles(ForwardRef(Grid))>
  <WithStyles(ForwardRef(Grid))
    item={true}
  >
    <Connect(HelpIcon)
      buttonLabel="OK"
      text="Some help text"
      title="Help text"
    />
  </WithStyles(ForwardRef(Grid))>
  <WithStyles(ForwardRef(Grid))
    item={true}
    xs={12}
  >
    <WithStyles(ForwardRef(Divider)) />
  </WithStyles(ForwardRef(Grid))>
  <WithStyles(ForwardRef(Grid))
    item={true}
    xs={12}
  />
</WithStyles(ForwardRef(Grid))>
`;

exports[`Snapshot tests for RighthandCard component renders with title and help button and some content 1`] = `
<WithStyles(ForwardRef(Grid))
  container={true}
>
  <WithStyles(ForwardRef(Grid))
    item={true}
    xs={true}
  >
    <WithStyles(ForwardRef(Typography))
      color="primary"
      variant="h6"
    >
      Title
    </WithStyles(ForwardRef(Typography))>
  </WithStyles(ForwardRef(Grid))>
  <WithStyles(ForwardRef(Grid))
    item={true}
  >
    <Connect(HelpIcon)
      buttonLabel="OK"
      text="Some help text"
      title="Help text"
    />
  </WithStyles(ForwardRef(Grid))>
  <WithStyles(ForwardRef(Grid))
    item={true}
    xs={12}
  >
    <WithStyles(ForwardRef(Divider)) />
  </WithStyles(ForwardRef(Grid))>
  <WithStyles(ForwardRef(Grid))
    item={true}
    xs={12}
  >
    Some content
  </WithStyles(ForwardRef(Grid))>
</WithStyles(ForwardRef(Grid))>
`;

exports[`Snapshot tests for RighthandCard component renders with title and no help icon 1`] = `
<WithStyles(ForwardRef(Grid))
  container={true}
>
  <WithStyles(ForwardRef(Grid))
    item={true}
    xs={true}
  >
    <WithStyles(ForwardRef(Typography))
      color="primary"
      variant="h6"
    >
      card title
    </WithStyles(ForwardRef(Typography))>
  </WithStyles(ForwardRef(Grid))>
  <WithStyles(ForwardRef(Grid))
    item={true}
    xs={12}
  >
    <WithStyles(ForwardRef(Divider)) />
  </WithStyles(ForwardRef(Grid))>
  <WithStyles(ForwardRef(Grid))
    item={true}
    xs={12}
  />
</WithStyles(ForwardRef(Grid))>
`;
