// Jest Snapshot v1, https://goo.gl/fbAQLP

exports[`SearchRecords page renders loading screen while export publications loading 1`] = `
<StandardPage
  className="page-search-records"
  title="eSpace search"
>
  <StandardCard
    className="search-component"
  >
    <withRouter(Connect(SearchComponent))
      className="search-body"
    />
  </StandardCard>
  <div
    className="columns"
  />
</StandardPage>
`;

exports[`SearchRecords page should render placeholders 1`] = `
<StandardPage
  className="page-search-records"
  title="eSpace search"
>
  <StandardCard
    className="search-component"
  >
    <withRouter(Connect(SearchComponent))
      className="search-body"
    />
  </StandardCard>
  <div
    className="columns"
  />
</StandardPage>
`;
