// Jest Snapshot v1, https://goo.gl/fbAQLP

exports[`Alert snapshots test Render the logged in users details 1`] = `
<div
  className="authorDetails"
>
  <div
    className="authorTitleName title is-3 color-reverse"
  >
    title
     
    given name
     
    family name
  </div>
  <div
    className="is-paddingless is-marginless is-narrow"
  >
    <div
      className="authorPositionOrg color-reverse"
    >
      <strong>
        1
      </strong>
      <span
        className="color-reverse"
      >
        , 
        1
      </span>
    </div>
    <div
      className="authorPositionOrg color-reverse"
    >
      <strong>
        2
      </strong>
      <span
        className="color-reverse"
      >
        , 
        2
      </span>
    </div>
    <div
      className="authorPositionOrg color-reverse"
    >
      <strong>
        3
      </strong>
      <span
        className="color-reverse"
      >
        , 
        3
      </span>
    </div>
  </div>
</div>
`;
