// Jest Snapshot v1, https://goo.gl/fbAQLP

exports[`OverrideSecurity component should render properly 1`] = `
<WithStyles(ForwardRef(FormControlLabel))
  control={
    <WithStyles(ForwardRef(Checkbox))
      checked={false}
      onChange={[MockFunction]}
    />
  }
  label="test"
/>
`;
