// Jest Snapshot v1, https://goo.gl/fbAQLP

exports[`Search record results should render stepper and no results 1`] = `
<div
  className="columns searchWrapper"
>
  <div
    className="column is-hidden-desktop is-hidden-tablet mobileWrapper"
  >
    <PublicationListLoadingProgress
      loadingPublicationSources={Object {}}
      mobile={true}
    />
  </div>
  <div
    className="column"
  >
    <StandardCard
      className=""
      help={
        Object {
          "buttonLabel": "Ok",
          "text": "Why search didn't return any items....",
          "title": "No matching records found",
        }
      }
      text="We were unable to match any results to your search criteria. Please search again or create a new eSpace record."
      title="No matching publications found"
    >
      We were unable to match any results to your search criteria. Please search again or create a new eSpace record.
    </StandardCard>
    <div
      className="columns action-buttons"
    >
      <div
        className="column is-hidden-mobile"
      />
      <div
        className="column is-narrow-desktop"
      >
        <RaisedButton
          disabled={false}
          fullWidth={true}
          label="Abandon and search again"
          labelPosition="after"
          onTouchTap={[Function]}
          primary={false}
          secondary={false}
        />
      </div>
      <div
        className="column is-narrow-desktop"
      >
        <RaisedButton
          autoFocus={true}
          disabled={false}
          fullWidth={true}
          keyboardFocused={true}
          label="Create a new eSpace record"
          labelPosition="after"
          onTouchTap={[Function]}
          primary={false}
          secondary={true}
        />
      </div>
    </div>
  </div>
  <div
    className="column is-3-desktop is-4-tablet is-hidden-mobile"
  >
    <StandardRighthandCard
      title="Repository search"
    >
      <PublicationListLoadingProgress
        loadingPublicationSources={Object {}}
      />
    </StandardRighthandCard>
  </div>
</div>
`;
