// Jest Snapshot v1, https://goo.gl/fbAQLP

exports[`Component TopCitedPublications with wrappers should render properly 1`] = `undefined`;
