// Jest Snapshot v1, https://goo.gl/fbAQLP

exports[`Component MyLatestPublications should render latest publications 1`] = `
<Route
  render={[Function]}
/>
`;

exports[`Component MyLatestPublications should render loading indicator 1`] = `
<Route
  render={[Function]}
/>
`;
