// Jest Snapshot v1, https://goo.gl/fbAQLP

exports[`CreativeWorkCitation renders  component with a mock espace record 1`] = `
<CreativeWorkCitation
  publication={
    Object {
      "fez_record_search_key_article_number": null,
      "fez_record_search_key_assigned_group_id": Array [],
      "fez_record_search_key_assigned_user_id": Array [],
      "fez_record_search_key_author": Array [
        Object {
          "rek_author": "Webster-Mannison, Marci",
          "rek_author_id": 28885139,
          "rek_author_order": 1,
          "rek_author_pid": "UQ:177836",
          "rek_author_xsdmf_id": 11960,
        },
      ],
      "fez_record_search_key_author_affiliation_country": Array [],
      "fez_record_search_key_author_affiliation_full_address": Array [],
      "fez_record_search_key_author_affiliation_id": Array [],
      "fez_record_search_key_author_affiliation_name": Array [],
      "fez_record_search_key_author_id": Array [
        Object {
          "rek_author_id": 75912,
          "rek_author_id_id": 28256890,
          "rek_author_id_order": 1,
          "rek_author_id_pid": "UQ:177836",
          "rek_author_id_xsdmf_id": 11955,
        },
      ],
      "fez_record_search_key_contributor": Array [],
      "fez_record_search_key_contributor_id": Array [],
      "fez_record_search_key_corresponding_country": Array [],
      "fez_record_search_key_corresponding_email": Array [],
      "fez_record_search_key_corresponding_name": Array [],
      "fez_record_search_key_corresponding_organisation": Array [],
      "fez_record_search_key_datastream_policy": null,
      "fez_record_search_key_date_available": null,
      "fez_record_search_key_edition": null,
      "fez_record_search_key_end_page": null,
      "fez_record_search_key_file_attachment_access_condition": Array [],
      "fez_record_search_key_file_attachment_embargo_date": Array [],
      "fez_record_search_key_file_attachment_name": Array [
        Object {
          "rek_file_attachment_name": "HCA12UQ177836_plans.pdf",
          "rek_file_attachment_name_id": 3880871,
          "rek_file_attachment_name_order": 1,
          "rek_file_attachment_name_pid": "UQ:177836",
          "rek_file_attachment_name_xsdmf_id": 12088,
        },
        Object {
          "rek_file_attachment_name": "HCA12UQ177836_project_description_.pdf",
          "rek_file_attachment_name_id": 3880872,
          "rek_file_attachment_name_order": 2,
          "rek_file_attachment_name_pid": "UQ:177836",
          "rek_file_attachment_name_xsdmf_id": 12088,
        },
        Object {
          "rek_file_attachment_name": "HCA12UQ177836_report.pdf",
          "rek_file_attachment_name_id": 3880873,
          "rek_file_attachment_name_order": 3,
          "rek_file_attachment_name_pid": "UQ:177836",
          "rek_file_attachment_name_xsdmf_id": 12088,
        },
        Object {
          "rek_file_attachment_name": "UQ177836.pdf",
          "rek_file_attachment_name_id": 3880874,
          "rek_file_attachment_name_order": 4,
          "rek_file_attachment_name_pid": "UQ:177836",
          "rek_file_attachment_name_xsdmf_id": 12088,
        },
        Object {
          "rek_file_attachment_name": "presmd_HCA12UQ177836_plans.xml",
          "rek_file_attachment_name_id": 3880875,
          "rek_file_attachment_name_order": 5,
          "rek_file_attachment_name_pid": "UQ:177836",
          "rek_file_attachment_name_xsdmf_id": 12088,
        },
        Object {
          "rek_file_attachment_name": "presmd_HCA12UQ177836_project_description_.xml",
          "rek_file_attachment_name_id": 3880876,
          "rek_file_attachment_name_order": 6,
          "rek_file_attachment_name_pid": "UQ:177836",
          "rek_file_attachment_name_xsdmf_id": 12088,
        },
        Object {
          "rek_file_attachment_name": "presmd_HCA12UQ177836_report.xml",
          "rek_file_attachment_name_id": 3880877,
          "rek_file_attachment_name_order": 7,
          "rek_file_attachment_name_pid": "UQ:177836",
          "rek_file_attachment_name_xsdmf_id": 12088,
        },
        Object {
          "rek_file_attachment_name": "presmd_UQ177836.xml",
          "rek_file_attachment_name_id": 3880878,
          "rek_file_attachment_name_order": 8,
          "rek_file_attachment_name_pid": "UQ:177836",
          "rek_file_attachment_name_xsdmf_id": 12088,
        },
      ],
      "fez_record_search_key_grant_acronym": Array [],
      "fez_record_search_key_grant_agency": Array [],
      "fez_record_search_key_grant_agency_id": Array [],
      "fez_record_search_key_grant_text": Array [],
      "fez_record_search_key_institutional_status": null,
      "fez_record_search_key_isbn": Array [],
      "fez_record_search_key_isderivationof": Array [],
      "fez_record_search_key_isi_loc": null,
      "fez_record_search_key_ismemberof": Array [
        Object {
          "rek_ismemberof": "UQ:152266",
          "rek_ismemberof_id": 11518134,
          "rek_ismemberof_order": 1,
          "rek_ismemberof_pid": "UQ:177836",
          "rek_ismemberof_xsdmf_id": 149,
        },
        Object {
          "rek_ismemberof": "UQ:3804",
          "rek_ismemberof_id": 11518135,
          "rek_ismemberof_order": 2,
          "rek_ismemberof_pid": "UQ:177836",
          "rek_ismemberof_xsdmf_id": 149,
        },
        Object {
          "rek_ismemberof": "UQ:254105",
          "rek_ismemberof_id": 11518136,
          "rek_ismemberof_order": 3,
          "rek_ismemberof_pid": "UQ:177836",
          "rek_ismemberof_xsdmf_id": 149,
        },
      ],
      "fez_record_search_key_issn": Array [],
      "fez_record_search_key_keywords": Array [
        Object {
          "rek_keywords": "Original Creative Works - Design/Architectural work",
          "rek_keywords_id": 29166325,
          "rek_keywords_order": 1,
          "rek_keywords_pid": "UQ:177836",
          "rek_keywords_xsdmf_id": 11973,
        },
      ],
      "fez_record_search_key_language": Array [
        Object {
          "rek_language": "eng",
          "rek_language_id": 5225989,
          "rek_language_order": 1,
          "rek_language_pid": "UQ:177836",
          "rek_language_xsdmf_id": 11997,
        },
      ],
      "fez_record_search_key_link": Array [],
      "fez_record_search_key_link_description": Array [],
      "fez_record_search_key_notes": null,
      "fez_record_search_key_oa_status": Object {
        "rek_oa_status": 453692,
        "rek_oa_status_id": 319986,
        "rek_oa_status_pid": "UQ:177836",
        "rek_oa_status_xsdmf_id": 16975,
      },
      "fez_record_search_key_place_of_publication": Object {
        "rek_place_of_publication": "St Lucia, Brisbane, QLD, Australia",
        "rek_place_of_publication_id": 4167616,
        "rek_place_of_publication_pid": "UQ:177836",
        "rek_place_of_publication_xsdmf_id": 11994,
      },
      "fez_record_search_key_publisher": Object {
        "rek_publisher": "School of Architecture, The University of Queensland",
        "rek_publisher_id": 4431832,
        "rek_publisher_pid": "UQ:177836",
        "rek_publisher_xsdmf_id": 11995,
      },
      "fez_record_search_key_refereed": null,
      "fez_record_search_key_refereed_source": Object {
        "rek_refereed_source": "453638",
        "rek_refereed_source_id": 1182431,
        "rek_refereed_source_pid": "UQ:177836",
        "rek_refereed_source_xsdmf_id": 16623,
      },
      "fez_record_search_key_scopus_id": null,
      "fez_record_search_key_series": null,
      "fez_record_search_key_start_page": null,
      "fez_record_search_key_subject": Array [
        Object {
          "rek_subject": 452674,
          "rek_subject_id": 9095037,
          "rek_subject_order": 1,
          "rek_subject_pid": "UQ:177836",
          "rek_subject_xsdmf_id": 11972,
        },
        Object {
          "rek_subject": 452677,
          "rek_subject_id": 9095038,
          "rek_subject_order": 2,
          "rek_subject_pid": "UQ:177836",
          "rek_subject_xsdmf_id": 11972,
        },
      ],
      "fez_record_search_key_total_pages": Object {
        "rek_total_pages": "10",
        "rek_total_pages_id": 5481312,
        "rek_total_pages_pid": "UQ:177836",
        "rek_total_pages_xsdmf_id": 11992,
      },
      "fez_record_search_key_translated_title": null,
      "rek_altmetric_id": null,
      "rek_altmetric_id_xsdmf_id": null,
      "rek_altmetric_score": null,
      "rek_altmetric_score_xsdmf_id": null,
      "rek_citation": "<a class=\\"author_id_link\\" title=\\"Browse by Author ID for Webster-Mannison, Marci\\" href=\\"/list/author_id/75912/\\">Webster-Mannison, Marci</a> (<span class=\\"citation_date\\">2006</span>) <a class=\\"citation_title\\" title=\\"Click to view Creative Work: Sustainable home Brisbane\\" href=\\"/view/UQ:177836\\">Sustainable home Brisbane</a>. <span class=\\"citation_place_of_publication\\">St Lucia, Brisbane, QLD, Australia</span>, <span class=\\"citation_publisher\\">School of Architecture, The University of Queensland</span>.",
      "rek_copyright": "on",
      "rek_copyright_xsdmf_id": 3679,
      "rek_created_date": "2009-05-21T11:24:28Z",
      "rek_created_date_xsdmf_id": 3677,
      "rek_date": "2006-01-01T00:00:00Z",
      "rek_date_xsdmf_id": 11989,
      "rek_depositor": 3608,
      "rek_depositor_affiliation": 888,
      "rek_depositor_affiliation_xsdmf_id": 11881,
      "rek_depositor_xsdmf_id": 7578,
      "rek_description": null,
      "rek_description_xsdmf_id": null,
      "rek_display_type": 313,
      "rek_display_type_lookup": "Creative Work",
      "rek_display_type_xsdmf_id": 3673,
      "rek_file_downloads": 342,
      "rek_formatted_abstract": "<b>Research Background:</b> 35,000 to 40,000 new dwellings per year are built in Queensland making it an imperative to incorporate sustainability into the design. The Queensland Government's Sustainable Homes program provides communities with unique display homes which exemplify their regional climatic context and environmental, social and economic sustainability.<br /><b><br />Research Contribution:</b> The Sustainable Home Brisbane, Seventeen Mile Rocks was part of the Queensland Government Sustainable Homes program, and addresses the need to provide industry, government, community groups, and the public an opportunity to learn about sustainable housing design and living.<br /><br />The home demonstrates cost-effective environmental features and practices in its construction and operation. The approaches to integrated water management involving significant rainwater collection and treatment for potable use, greywater treatment and biofiltration and energy efficiency through passive solar design, the unique passive air cooling and heating system and the use of solar energy are highly innovative and replicable. The Sustainable Home Brisbane sets a benchmark for future housing design in subtropical Queensland.<br /><b><br />Research Significance:</b> The significance of this research is evidenced by the project winning the Royal Australian Institute of Australia (RAIA Qld Chapter) Architecture Award, Regional Commendation, Brisbane Sustainable Home, 2007, the Housing Industry Association (HIA) Greensmart Building of the Year, 2006, the HIA Greensmart Water Efficiency Award, 2006 and the Brisbane/Gold Coast HIA GreenSmart Energy Efficient Housing Award. Furthermore, the significant interest in this project is evidenced by the number of visitors during the public display period.<br />",
      "rek_formatted_abstract_xsdmf_id": 12036,
      "rek_formatted_title": null,
      "rek_formatted_title_xsdmf_id": null,
      "rek_genre": "Creative Work",
      "rek_genre_type": null,
      "rek_genre_type_xsdmf_id": null,
      "rek_genre_xsdmf_id": 11991,
      "rek_herdc_notes": null,
      "rek_herdc_notes_xsdmf_id": null,
      "rek_object_type": 3,
      "rek_object_type_xsdmf_id": 3674,
      "rek_pid": "UQ:177836",
      "rek_pubmed_doc_type": null,
      "rek_pubmed_doc_type_xsdmf_id": null,
      "rek_scopus_citation_count": null,
      "rek_scopus_doc_type": null,
      "rek_scopus_doc_type_xsdmf_id": null,
      "rek_security_inherited": 1,
      "rek_status": 2,
      "rek_status_xsdmf_id": 3680,
      "rek_subtype": null,
      "rek_subtype_xsdmf_id": null,
      "rek_thomson_citation_count": null,
      "rek_thomson_citation_count_xsdmf_id": null,
      "rek_title": "Sustainable home Brisbane",
      "rek_title_xsdmf_id": 12000,
      "rek_updated_date": "2015-07-31T07:33:09Z",
      "rek_updated_date_xsdmf_id": 3678,
      "rek_wok_doc_type": null,
      "rek_wok_doc_type_xsdmf_id": null,
    }
  }
>
  <div
    className="citationContent citationCreativeWork"
  >
    <FontIcon
      className="material-icons citationIcon"
      data-place="left"
      onMouseEnter={[Function]}
      onMouseLeave={[Function]}
    >
      <span
        className="material-icons citationIcon"
        data-place="left"
        onMouseEnter={[Function]}
        onMouseLeave={[Function]}
        style={
          Object {
            "color": "rgba(0, 0, 0, 0.87)",
            "display": "inline-block",
            "fontSize": 24,
            "muiPrepared": true,
            "position": "relative",
            "transition": "all 450ms cubic-bezier(0.23, 1, 0.32, 1) 0ms",
            "userSelect": "none",
          }
        }
      >
        format_quote
      </span>
    </FontIcon>
    <AuthorsCitationView
      className="citationAuthors"
      idSearchKey={
        Object {
          "idKey": "fez_record_search_key_author_id",
          "idOrder": "rek_author_id_order",
          "idSubkey": "rek_author_id",
        }
      }
      initialNumberOfAuthors={10}
      publication={
        Object {
          "fez_record_search_key_article_number": null,
          "fez_record_search_key_assigned_group_id": Array [],
          "fez_record_search_key_assigned_user_id": Array [],
          "fez_record_search_key_author": Array [
            Object {
              "rek_author": "Webster-Mannison, Marci",
              "rek_author_id": 28885139,
              "rek_author_order": 1,
              "rek_author_pid": "UQ:177836",
              "rek_author_xsdmf_id": 11960,
            },
          ],
          "fez_record_search_key_author_affiliation_country": Array [],
          "fez_record_search_key_author_affiliation_full_address": Array [],
          "fez_record_search_key_author_affiliation_id": Array [],
          "fez_record_search_key_author_affiliation_name": Array [],
          "fez_record_search_key_author_id": Array [
            Object {
              "rek_author_id": 75912,
              "rek_author_id_id": 28256890,
              "rek_author_id_order": 1,
              "rek_author_id_pid": "UQ:177836",
              "rek_author_id_xsdmf_id": 11955,
            },
          ],
          "fez_record_search_key_contributor": Array [],
          "fez_record_search_key_contributor_id": Array [],
          "fez_record_search_key_corresponding_country": Array [],
          "fez_record_search_key_corresponding_email": Array [],
          "fez_record_search_key_corresponding_name": Array [],
          "fez_record_search_key_corresponding_organisation": Array [],
          "fez_record_search_key_datastream_policy": null,
          "fez_record_search_key_date_available": null,
          "fez_record_search_key_edition": null,
          "fez_record_search_key_end_page": null,
          "fez_record_search_key_file_attachment_access_condition": Array [],
          "fez_record_search_key_file_attachment_embargo_date": Array [],
          "fez_record_search_key_file_attachment_name": Array [
            Object {
              "rek_file_attachment_name": "HCA12UQ177836_plans.pdf",
              "rek_file_attachment_name_id": 3880871,
              "rek_file_attachment_name_order": 1,
              "rek_file_attachment_name_pid": "UQ:177836",
              "rek_file_attachment_name_xsdmf_id": 12088,
            },
            Object {
              "rek_file_attachment_name": "HCA12UQ177836_project_description_.pdf",
              "rek_file_attachment_name_id": 3880872,
              "rek_file_attachment_name_order": 2,
              "rek_file_attachment_name_pid": "UQ:177836",
              "rek_file_attachment_name_xsdmf_id": 12088,
            },
            Object {
              "rek_file_attachment_name": "HCA12UQ177836_report.pdf",
              "rek_file_attachment_name_id": 3880873,
              "rek_file_attachment_name_order": 3,
              "rek_file_attachment_name_pid": "UQ:177836",
              "rek_file_attachment_name_xsdmf_id": 12088,
            },
            Object {
              "rek_file_attachment_name": "UQ177836.pdf",
              "rek_file_attachment_name_id": 3880874,
              "rek_file_attachment_name_order": 4,
              "rek_file_attachment_name_pid": "UQ:177836",
              "rek_file_attachment_name_xsdmf_id": 12088,
            },
            Object {
              "rek_file_attachment_name": "presmd_HCA12UQ177836_plans.xml",
              "rek_file_attachment_name_id": 3880875,
              "rek_file_attachment_name_order": 5,
              "rek_file_attachment_name_pid": "UQ:177836",
              "rek_file_attachment_name_xsdmf_id": 12088,
            },
            Object {
              "rek_file_attachment_name": "presmd_HCA12UQ177836_project_description_.xml",
              "rek_file_attachment_name_id": 3880876,
              "rek_file_attachment_name_order": 6,
              "rek_file_attachment_name_pid": "UQ:177836",
              "rek_file_attachment_name_xsdmf_id": 12088,
            },
            Object {
              "rek_file_attachment_name": "presmd_HCA12UQ177836_report.xml",
              "rek_file_attachment_name_id": 3880877,
              "rek_file_attachment_name_order": 7,
              "rek_file_attachment_name_pid": "UQ:177836",
              "rek_file_attachment_name_xsdmf_id": 12088,
            },
            Object {
              "rek_file_attachment_name": "presmd_UQ177836.xml",
              "rek_file_attachment_name_id": 3880878,
              "rek_file_attachment_name_order": 8,
              "rek_file_attachment_name_pid": "UQ:177836",
              "rek_file_attachment_name_xsdmf_id": 12088,
            },
          ],
          "fez_record_search_key_grant_acronym": Array [],
          "fez_record_search_key_grant_agency": Array [],
          "fez_record_search_key_grant_agency_id": Array [],
          "fez_record_search_key_grant_text": Array [],
          "fez_record_search_key_institutional_status": null,
          "fez_record_search_key_isbn": Array [],
          "fez_record_search_key_isderivationof": Array [],
          "fez_record_search_key_isi_loc": null,
          "fez_record_search_key_ismemberof": Array [
            Object {
              "rek_ismemberof": "UQ:152266",
              "rek_ismemberof_id": 11518134,
              "rek_ismemberof_order": 1,
              "rek_ismemberof_pid": "UQ:177836",
              "rek_ismemberof_xsdmf_id": 149,
            },
            Object {
              "rek_ismemberof": "UQ:3804",
              "rek_ismemberof_id": 11518135,
              "rek_ismemberof_order": 2,
              "rek_ismemberof_pid": "UQ:177836",
              "rek_ismemberof_xsdmf_id": 149,
            },
            Object {
              "rek_ismemberof": "UQ:254105",
              "rek_ismemberof_id": 11518136,
              "rek_ismemberof_order": 3,
              "rek_ismemberof_pid": "UQ:177836",
              "rek_ismemberof_xsdmf_id": 149,
            },
          ],
          "fez_record_search_key_issn": Array [],
          "fez_record_search_key_keywords": Array [
            Object {
              "rek_keywords": "Original Creative Works - Design/Architectural work",
              "rek_keywords_id": 29166325,
              "rek_keywords_order": 1,
              "rek_keywords_pid": "UQ:177836",
              "rek_keywords_xsdmf_id": 11973,
            },
          ],
          "fez_record_search_key_language": Array [
            Object {
              "rek_language": "eng",
              "rek_language_id": 5225989,
              "rek_language_order": 1,
              "rek_language_pid": "UQ:177836",
              "rek_language_xsdmf_id": 11997,
            },
          ],
          "fez_record_search_key_link": Array [],
          "fez_record_search_key_link_description": Array [],
          "fez_record_search_key_notes": null,
          "fez_record_search_key_oa_status": Object {
            "rek_oa_status": 453692,
            "rek_oa_status_id": 319986,
            "rek_oa_status_pid": "UQ:177836",
            "rek_oa_status_xsdmf_id": 16975,
          },
          "fez_record_search_key_place_of_publication": Object {
            "rek_place_of_publication": "St Lucia, Brisbane, QLD, Australia",
            "rek_place_of_publication_id": 4167616,
            "rek_place_of_publication_pid": "UQ:177836",
            "rek_place_of_publication_xsdmf_id": 11994,
          },
          "fez_record_search_key_publisher": Object {
            "rek_publisher": "School of Architecture, The University of Queensland",
            "rek_publisher_id": 4431832,
            "rek_publisher_pid": "UQ:177836",
            "rek_publisher_xsdmf_id": 11995,
          },
          "fez_record_search_key_refereed": null,
          "fez_record_search_key_refereed_source": Object {
            "rek_refereed_source": "453638",
            "rek_refereed_source_id": 1182431,
            "rek_refereed_source_pid": "UQ:177836",
            "rek_refereed_source_xsdmf_id": 16623,
          },
          "fez_record_search_key_scopus_id": null,
          "fez_record_search_key_series": null,
          "fez_record_search_key_start_page": null,
          "fez_record_search_key_subject": Array [
            Object {
              "rek_subject": 452674,
              "rek_subject_id": 9095037,
              "rek_subject_order": 1,
              "rek_subject_pid": "UQ:177836",
              "rek_subject_xsdmf_id": 11972,
            },
            Object {
              "rek_subject": 452677,
              "rek_subject_id": 9095038,
              "rek_subject_order": 2,
              "rek_subject_pid": "UQ:177836",
              "rek_subject_xsdmf_id": 11972,
            },
          ],
          "fez_record_search_key_total_pages": Object {
            "rek_total_pages": "10",
            "rek_total_pages_id": 5481312,
            "rek_total_pages_pid": "UQ:177836",
            "rek_total_pages_xsdmf_id": 11992,
          },
          "fez_record_search_key_translated_title": null,
          "rek_altmetric_id": null,
          "rek_altmetric_id_xsdmf_id": null,
          "rek_altmetric_score": null,
          "rek_altmetric_score_xsdmf_id": null,
          "rek_citation": "<a class=\\"author_id_link\\" title=\\"Browse by Author ID for Webster-Mannison, Marci\\" href=\\"/list/author_id/75912/\\">Webster-Mannison, Marci</a> (<span class=\\"citation_date\\">2006</span>) <a class=\\"citation_title\\" title=\\"Click to view Creative Work: Sustainable home Brisbane\\" href=\\"/view/UQ:177836\\">Sustainable home Brisbane</a>. <span class=\\"citation_place_of_publication\\">St Lucia, Brisbane, QLD, Australia</span>, <span class=\\"citation_publisher\\">School of Architecture, The University of Queensland</span>.",
          "rek_copyright": "on",
          "rek_copyright_xsdmf_id": 3679,
          "rek_created_date": "2009-05-21T11:24:28Z",
          "rek_created_date_xsdmf_id": 3677,
          "rek_date": "2006-01-01T00:00:00Z",
          "rek_date_xsdmf_id": 11989,
          "rek_depositor": 3608,
          "rek_depositor_affiliation": 888,
          "rek_depositor_affiliation_xsdmf_id": 11881,
          "rek_depositor_xsdmf_id": 7578,
          "rek_description": null,
          "rek_description_xsdmf_id": null,
          "rek_display_type": 313,
          "rek_display_type_lookup": "Creative Work",
          "rek_display_type_xsdmf_id": 3673,
          "rek_file_downloads": 342,
          "rek_formatted_abstract": "<b>Research Background:</b> 35,000 to 40,000 new dwellings per year are built in Queensland making it an imperative to incorporate sustainability into the design. The Queensland Government's Sustainable Homes program provides communities with unique display homes which exemplify their regional climatic context and environmental, social and economic sustainability.<br /><b><br />Research Contribution:</b> The Sustainable Home Brisbane, Seventeen Mile Rocks was part of the Queensland Government Sustainable Homes program, and addresses the need to provide industry, government, community groups, and the public an opportunity to learn about sustainable housing design and living.<br /><br />The home demonstrates cost-effective environmental features and practices in its construction and operation. The approaches to integrated water management involving significant rainwater collection and treatment for potable use, greywater treatment and biofiltration and energy efficiency through passive solar design, the unique passive air cooling and heating system and the use of solar energy are highly innovative and replicable. The Sustainable Home Brisbane sets a benchmark for future housing design in subtropical Queensland.<br /><b><br />Research Significance:</b> The significance of this research is evidenced by the project winning the Royal Australian Institute of Australia (RAIA Qld Chapter) Architecture Award, Regional Commendation, Brisbane Sustainable Home, 2007, the Housing Industry Association (HIA) Greensmart Building of the Year, 2006, the HIA Greensmart Water Efficiency Award, 2006 and the Brisbane/Gold Coast HIA GreenSmart Energy Efficient Housing Award. Furthermore, the significant interest in this project is evidenced by the number of visitors during the public display period.<br />",
          "rek_formatted_abstract_xsdmf_id": 12036,
          "rek_formatted_title": null,
          "rek_formatted_title_xsdmf_id": null,
          "rek_genre": "Creative Work",
          "rek_genre_type": null,
          "rek_genre_type_xsdmf_id": null,
          "rek_genre_xsdmf_id": 11991,
          "rek_herdc_notes": null,
          "rek_herdc_notes_xsdmf_id": null,
          "rek_object_type": 3,
          "rek_object_type_xsdmf_id": 3674,
          "rek_pid": "UQ:177836",
          "rek_pubmed_doc_type": null,
          "rek_pubmed_doc_type_xsdmf_id": null,
          "rek_scopus_citation_count": null,
          "rek_scopus_doc_type": null,
          "rek_scopus_doc_type_xsdmf_id": null,
          "rek_security_inherited": 1,
          "rek_status": 2,
          "rek_status_xsdmf_id": 3680,
          "rek_subtype": null,
          "rek_subtype_xsdmf_id": null,
          "rek_thomson_citation_count": null,
          "rek_thomson_citation_count_xsdmf_id": null,
          "rek_title": "Sustainable home Brisbane",
          "rek_title_xsdmf_id": 12000,
          "rek_updated_date": "2015-07-31T07:33:09Z",
          "rek_updated_date_xsdmf_id": 3678,
          "rek_wok_doc_type": null,
          "rek_wok_doc_type_xsdmf_id": null,
        }
      }
      searchKey={
        Object {
          "key": "fez_record_search_key_author",
          "order": "rek_author_order",
          "subkey": "rek_author",
        }
      }
      showLink={false}
      suffix=" "
      thresholdNumberOfAuthors={3}
    >
      <span
        className="citationAuthors"
      >
        <CitationView
          className="citationAuthor"
          key="citationAuthor_1"
          prefix=""
          suffix=""
          value="Webster-Mannison, Marci"
        >
          <span
            className="citationAuthor"
          >
            Webster-Mannison, Marci
          </span>
        </CitationView>
         
      </span>
    </AuthorsCitationView>
    <DateCitationView
      className="citationDate"
      date="2006-01-01T00:00:00Z"
      format="YYYY"
      prefix="("
      suffix=")."
    >
      <span
        className="citationDate"
      >
        (
        2006
        ).
      </span>
    </DateCitationView>
    <CitationView
      className="citationTitle"
      prefix=" "
      suffix="."
      value="Sustainable home Brisbane"
    >
      <span
        className="citationTitle"
      >
         
        Sustainable home Brisbane
        .
      </span>
    </CitationView>
    <CitationView
      className="citationPlaceOfPublication"
      prefix=" "
      suffix=":"
      value="St Lucia, Brisbane, QLD, Australia"
    >
      <span
        className="citationPlaceOfPublication"
      >
         
        St Lucia, Brisbane, QLD, Australia
        :
      </span>
    </CitationView>
    <CitationView
      className="citationPublisher"
      prefix=" "
      suffix="."
      value="School of Architecture, The University of Queensland"
    >
      <span
        className="citationPublisher"
      >
         
        School of Architecture, The University of Queensland
        .
      </span>
    </CitationView>
  </div>
</CreativeWorkCitation>
`;

exports[`CreativeWorkCitation renders  component with empty publication 1`] = `
<CreativeWorkCitation
  publication={Object {}}
>
  <div
    className="citationContent citationCreativeWork"
  >
    <FontIcon
      className="material-icons citationIcon"
      data-place="left"
      onMouseEnter={[Function]}
      onMouseLeave={[Function]}
    >
      <span
        className="material-icons citationIcon"
        data-place="left"
        onMouseEnter={[Function]}
        onMouseLeave={[Function]}
        style={
          Object {
            "color": "rgba(0, 0, 0, 0.87)",
            "display": "inline-block",
            "fontSize": 24,
            "muiPrepared": true,
            "position": "relative",
            "transition": "all 450ms cubic-bezier(0.23, 1, 0.32, 1) 0ms",
            "userSelect": "none",
          }
        }
      >
        format_quote
      </span>
    </FontIcon>
    <AuthorsCitationView
      className="citationAuthors"
      idSearchKey={
        Object {
          "idKey": "fez_record_search_key_author_id",
          "idOrder": "rek_author_id_order",
          "idSubkey": "rek_author_id",
        }
      }
      initialNumberOfAuthors={10}
      publication={Object {}}
      searchKey={
        Object {
          "key": "fez_record_search_key_author",
          "order": "rek_author_order",
          "subkey": "rek_author",
        }
      }
      showLink={false}
      suffix=" "
      thresholdNumberOfAuthors={3}
    >
      <span
        className="citationAuthors empty"
      />
    </AuthorsCitationView>
    <DateCitationView
      className="citationDate"
      format="YYYY"
      prefix="("
      suffix=")."
    >
      <span
        className="citationDate empty"
      />
    </DateCitationView>
    <CitationView
      className="citationTitle"
      prefix=" "
      suffix="."
    >
      <span
        className="citationTitle empty"
      />
    </CitationView>
    <CitationView
      className="citationPlaceOfPublication"
      prefix=" "
      suffix=":"
      value={null}
    >
      <span
        className="citationPlaceOfPublication empty"
      />
    </CitationView>
    <CitationView
      className="citationPublisher"
      prefix=" "
      suffix="."
      value={null}
    >
      <span
        className="citationPublisher empty"
      />
    </CitationView>
  </div>
</CreativeWorkCitation>
`;
